[Map]
Version=dmsMap 2.5.148
Window=-60,-450,15420,10125,-1
ZoomExtent=240643.368642371,575426.415221842,241152.208832343,575826.083780427
BorderStyle=0
Transparent=0
Text=\SOBEK212\CF-E4.lit\FIXED\HOLLAND.MAP
ForeColor=0
BackColor=8CC69F
FontName=MS Serif
FontSize=6
FontBold=0
FontItalic=0
FontUnderLine=0
FontStrikethru=0
UnitMeter=0
DataThematic=-1

[Legend]
Visible=0
BorderStyle=1
Transparent=-2
Position=240643.368642371,575826.083780427
Text=
ForeColor=0
BackColor=FFFFFF
FontName=MS Serif
FontSize=6.75
FontBold=0
FontItalic=0
FontUnderLine=0
FontStrikethru=0

[Title]
Visible=0
BorderStyle=0
Transparent=0
Position=240643.368642371,575826.083780427
Text=Titel
ForeColor=0
BackColor=FFFFFF
FontName=Arial
FontSize=12
FontBold=0
FontItalic=0
FontUnderLine=0
FontStrikethru=0

[Info]
Visible=0
BorderStyle=0
Transparent=0
Position=240646.498040833,575778.548865791
Text=
ForeColor=0
BackColor=FFFFFF
FontName=Arial
FontSize=6
FontBold=0
FontItalic=0
FontUnderLine=0
FontStrikethru=0

[Layer1]
Path=PROVIN~1.MPL
Name=provin~1
Visible=-1
Selectable=-1
InLegend=-1
Transparency=-999
MinZoom=0
MaxZoom=0
LineStyle=0
LineColor=0
LineWidth=0
FillStyle=0
FillColor=8CC69F
LabelScale=0
FontAngleBaseLine=0
FontAngleCharacters=0
FontBold=0
FontColor=0
FontItalic=0
FontName=Arial
FontSize=10
FontStrikethru=0
FontTransparent=-1
FontUnderline=0
LabelBorderFillStyle=0
LabelBorderFillColor=FFFF
LabelBorderLineStyle=0
LabelBorderLineColor=0
LabelBorderLineWidth=1
LabelBorderStyle=0
PointStyle=5
PointLabelStyle=0
PointSize=0
PointCharacter=164
PointAngleBaseLine=0
PointFontName=Wingdings

[Layer2]
Path=ZAND.MPL
Name=zand
Visible=-1
Selectable=-1
InLegend=-1
Transparency=-999
MinZoom=0
MaxZoom=0
LineStyle=0
LineColor=80FFFF
LineWidth=0
FillStyle=0
FillColor=80FFFF
LabelScale=0
FontAngleBaseLine=0
FontAngleCharacters=0
FontBold=0
FontColor=0
FontItalic=0
FontName=Arial
FontSize=10
FontStrikethru=0
FontTransparent=-1
FontUnderline=0
LabelBorderFillStyle=0
LabelBorderFillColor=FFFF
LabelBorderLineStyle=0
LabelBorderLineColor=0
LabelBorderLineWidth=1
LabelBorderStyle=0
PointStyle=4
PointLabelStyle=0
PointSize=0
PointCharacter=164
PointAngleBaseLine=0
PointFontName=Wingdings

[Layer3]
Path=BOS.MPL
Name=bos
Visible=-1
Selectable=-1
InLegend=-1
Transparency=-999
MinZoom=0
MaxZoom=0
LineStyle=5
LineColor=0
LineWidth=0
FillStyle=0
FillColor=22A228
LabelScale=0
FontAngleBaseLine=0
FontAngleCharacters=0
FontBold=0
FontColor=0
FontItalic=0
FontName=Arial
FontSize=10
FontStrikethru=0
FontTransparent=-1
FontUnderline=0
LabelBorderFillStyle=0
LabelBorderFillColor=FFFF
LabelBorderLineStyle=0
LabelBorderLineColor=0
LabelBorderLineWidth=1
LabelBorderStyle=0
PointStyle=4
PointLabelStyle=0
PointSize=0
PointCharacter=164
PointAngleBaseLine=0
PointFontName=Wingdings

[Layer4]
Path=BEBOUWD.MPL
Name=bebouwd
Visible=-1
Selectable=-1
InLegend=-1
Transparency=-999
MinZoom=0
MaxZoom=0
LineStyle=5
LineColor=0
LineWidth=0
FillStyle=0
FillColor=4A81DB
LabelScale=0
FontAngleBaseLine=0
FontAngleCharacters=0
FontBold=0
FontColor=0
FontItalic=0
FontName=Arial
FontSize=10
FontStrikethru=0
FontTransparent=-1
FontUnderline=0
LabelBorderFillStyle=0
LabelBorderFillColor=FFFF
LabelBorderLineStyle=0
LabelBorderLineColor=0
LabelBorderLineWidth=1
LabelBorderStyle=0
PointStyle=4
PointLabelStyle=0
PointSize=0
PointCharacter=164
PointAngleBaseLine=0
PointFontName=Wingdings

[Layer5]
Path=WATER.MPL
Name=water
Visible=-1
Selectable=-1
InLegend=-1
Transparency=-999
MinZoom=0
MaxZoom=0
LineStyle=5
LineColor=0
LineWidth=0
FillStyle=0
FillColor=FF8000
LabelScale=0
FontAngleBaseLine=0
FontAngleCharacters=0
FontBold=0
FontColor=0
FontItalic=0
FontName=Arial
FontSize=10
FontStrikethru=0
FontTransparent=-1
FontUnderline=0
LabelBorderFillStyle=0
LabelBorderFillColor=FFFF
LabelBorderLineStyle=0
LabelBorderLineColor=0
LabelBorderLineWidth=1
LabelBorderStyle=0
PointStyle=4
PointLabelStyle=0
PointSize=0
PointCharacter=164
PointAngleBaseLine=0
PointFontName=Wingdings

[Layer6]
Path=WEG_AUTO.MPL
Name=weg_auto
Visible=-1
Selectable=-1
InLegend=-1
Transparency=-999
MinZoom=0
MaxZoom=0
LineStyle=0
LineColor=FF
LineWidth=5
FillStyle=0
FillColor=C0C0C0
LabelScale=0
FontAngleBaseLine=0
FontAngleCharacters=0
FontBold=0
FontColor=0
FontItalic=0
FontName=Arial
FontSize=10
FontStrikethru=0
FontTransparent=-1
FontUnderline=0
LabelBorderFillStyle=0
LabelBorderFillColor=FFFF
LabelBorderLineStyle=0
LabelBorderLineColor=0
LabelBorderLineWidth=1
LabelBorderStyle=0
PointStyle=5
PointLabelStyle=0
PointSize=0
PointCharacter=164
PointAngleBaseLine=0
PointFontName=Wingdings

[Layer7]
Path=WEG_PRIM.MPL
Name=weg_prim
Visible=-1
Selectable=-1
InLegend=-1
Transparency=-999
MinZoom=0
MaxZoom=0
LineStyle=0
LineColor=FF
LineWidth=0
FillStyle=0
FillColor=C0C0C0
LabelScale=0
FontAngleBaseLine=0
FontAngleCharacters=0
FontBold=0
FontColor=0
FontItalic=0
FontName=Arial
FontSize=10
FontStrikethru=0
FontTransparent=-1
FontUnderline=0
LabelBorderFillStyle=0
LabelBorderFillColor=FFFF
LabelBorderLineStyle=0
LabelBorderLineColor=0
LabelBorderLineWidth=1
LabelBorderStyle=0
PointStyle=5
PointLabelStyle=0
PointSize=0
PointCharacter=164
PointAngleBaseLine=0
PointFontName=Wingdings

[Layer8]
Path=WATERWEG.MPL
Name=waterweg
Visible=-1
Selectable=-1
InLegend=-1
Transparency=-999
MinZoom=0
MaxZoom=0
LineStyle=0
LineColor=FF8000
LineWidth=0
FillStyle=0
FillColor=FF8000
LabelScale=0
FontAngleBaseLine=0
FontAngleCharacters=0
FontBold=0
FontColor=0
FontItalic=0
FontName=Arial
FontSize=10
FontStrikethru=0
FontTransparent=-1
FontUnderline=0
LabelBorderFillStyle=0
LabelBorderFillColor=FFFF
LabelBorderLineStyle=0
LabelBorderLineColor=0
LabelBorderLineWidth=1
LabelBorderStyle=0
PointStyle=5
PointLabelStyle=0
PointSize=0
PointCharacter=164
PointAngleBaseLine=0
PointFontName=Wingdings

[Layer9]
Path=SPOOR.MPL
Name=spoor
Visible=-1
Selectable=-1
InLegend=-1
Transparency=-999
MinZoom=0
MaxZoom=0
LineStyle=0
LineColor=0
LineWidth=0
FillStyle=0
FillColor=C0C0C0
LabelScale=0
FontAngleBaseLine=0
FontAngleCharacters=0
FontBold=0
FontColor=0
FontItalic=0
FontName=Arial
FontSize=10
FontStrikethru=0
FontTransparent=-1
FontUnderline=0
LabelBorderFillStyle=0
LabelBorderFillColor=FFFF
LabelBorderLineStyle=0
LabelBorderLineColor=0
LabelBorderLineWidth=1
LabelBorderStyle=0
PointStyle=5
PointLabelStyle=0
PointSize=0
PointCharacter=164
PointAngleBaseLine=0
PointFontName=Wingdings

